// Vitest Snapshot v1, https://vitest.dev/guide/snapshot.html

exports[`determinismo do motor > golden master: 6h de jogo em modo automático, bit a bit 1`] = `
{
  "lines": {
    "comida": {
      "base": "1.5951778914591388e1112",
      "gens": [
        {
          "amount": "9.05648923833494e1105",
          "bought": 2,
          "cycleStep": "0.7569939511231496",
          "unlockedAt": 0,
        },
        {
          "amount": "1.0323828873608536e1100",
          "bought": 10,
          "cycleStep": "11.819816873263335",
          "unlockedAt": 2,
        },
        {
          "amount": "9.598858287768998e1093",
          "bought": 22,
          "cycleStep": "1.3779733468400082",
          "unlockedAt": 12,
        },
        {
          "amount": "7.709801876349461e1087",
          "bought": 75,
          "cycleStep": "167.3126653531799",
          "unlockedAt": 51,
        },
        {
          "amount": "1.4072515932644794e1082",
          "bought": 75,
          "cycleStep": "101.21405078168027",
          "unlockedAt": 341.75,
        },
        {
          "amount": "9.261005392452649e1075",
          "bought": 74,
          "cycleStep": "1771.74096239754",
          "unlockedAt": 733.5,
        },
        {
          "amount": "1.2743510319616527e1070",
          "bought": 76,
          "cycleStep": "193.5664020171389",
          "unlockedAt": 1218.75,
        },
        {
          "amount": "4.165285094592002e1063",
          "bought": 75,
          "cycleStep": "9715.167286477983",
          "unlockedAt": 1676,
        },
        {
          "amount": "4.195020091125785e1056",
          "bought": 74,
          "cycleStep": "21245.33311536908",
          "unlockedAt": 2042.75,
        },
        {
          "amount": "3.674861338006064e1050",
          "bought": 73,
          "cycleStep": "7970.522933013737",
          "unlockedAt": 2334,
        },
        {
          "amount": "2.3715581695539476e1036",
          "bought": 74,
          "cycleStep": "58285",
          "unlockedAt": 2547.75,
        },
        {
          "amount": "2.504281301360397e918",
          "bought": 75,
          "cycleStep": "0",
          "unlockedAt": 2701.5,
        },
        {
          "amount": "1.886086480477677e801",
          "bought": 74,
          "cycleStep": "0",
          "unlockedAt": 2821,
        },
        {
          "amount": "1.0086408601773027e685",
          "bought": 73,
          "cycleStep": "0",
          "unlockedAt": 2923.25,
        },
        {
          "amount": "3.73250397172684e569",
          "bought": 74,
          "cycleStep": "0",
          "unlockedAt": 3027.75,
        },
        {
          "amount": "9.329267648473566e454",
          "bought": 74,
          "cycleStep": "0",
          "unlockedAt": 3130,
        },
        {
          "amount": "1.5174809900897168e341",
          "bought": 74,
          "cycleStep": "0",
          "unlockedAt": 3229.75,
        },
        {
          "amount": "1.5109343078843644e228",
          "bought": 74,
          "cycleStep": "0",
          "unlockedAt": 3347.5,
        },
        {
          "amount": "8.211594823747822e115",
          "bought": 74,
          "cycleStep": "0",
          "unlockedAt": 3450.5,
        },
        {
          "amount": "18279",
          "bought": 18279,
          "cycleStep": "0",
          "unlockedAt": 3571.75,
        },
      ],
      "mode": "auto",
      "started": true,
      "startedAt": 0,
      "steps": 86400,
      "totalProduced": "1.5951778914591388e1112",
      "uptime": 21599,
    },
    "exploracao": {
      "base": "1.93598829829474e17",
      "gens": [
        {
          "amount": "4926568154369.547",
          "bought": 7,
          "cycleStep": "16.96695000575022",
          "unlockedAt": 0,
        },
        {
          "amount": "642760645.1044675",
          "bought": 21,
          "cycleStep": "93.25999445442146",
          "unlockedAt": 58,
        },
        {
          "amount": "413197.13706240023",
          "bought": 21,
          "cycleStep": "156.8571672916912",
          "unlockedAt": 363,
        },
        {
          "amount": "1389.1439999999998",
          "bought": 75,
          "cycleStep": "3953.3018360213136",
          "unlockedAt": 831,
        },
        {
          "amount": "60",
          "bought": 60,
          "cycleStep": "17334.5156223629",
          "unlockedAt": 3659.25,
        },
        {
          "amount": "0",
          "bought": 0,
          "cycleStep": "0",
          "unlockedAt": undefined,
        },
      ],
      "mode": "auto",
      "started": true,
      "startedAt": 0,
      "steps": 86400,
      "totalProduced": "1.9359885134535981e17",
      "uptime": 21553,
    },
    "militar": {
      "base": "2439771969331.874",
      "gens": [
        {
          "amount": "374190530.12396944",
          "bought": 5,
          "cycleStep": "2.6349523888584656",
          "unlockedAt": 0,
        },
        {
          "amount": "354880.0883046397",
          "bought": 22,
          "cycleStep": "49.66254616162067",
          "unlockedAt": 139,
        },
        {
          "amount": "1957.9151999999997",
          "bought": 21,
          "cycleStep": "1454.3511226885264",
          "unlockedAt": 734.5,
        },
        {
          "amount": "58",
          "bought": 58,
          "cycleStep": "5043.167487776142",
          "unlockedAt": 1593.25,
        },
        {
          "amount": "0",
          "bought": 0,
          "cycleStep": "0",
          "unlockedAt": undefined,
        },
      ],
      "mode": "auto",
      "started": true,
      "startedAt": 0,
      "steps": 86400,
      "totalProduced": "2439794567295.603",
      "uptime": 21542,
    },
    "mineracao": {
      "base": "2.0441706705685756e31",
      "gens": [
        {
          "amount": "8.213551733342072e24",
          "bought": 5,
          "cycleStep": "6.092811736109752",
          "unlockedAt": 0,
        },
        {
          "amount": "1.341714031424955e19",
          "bought": 23,
          "cycleStep": "24.767688402701424",
          "unlockedAt": 25,
        },
        {
          "amount": "90504427296989.48",
          "bought": 24,
          "cycleStep": "141.1184963025005",
          "unlockedAt": 175,
        },
        {
          "amount": "2852991806.8495946",
          "bought": 75,
          "cycleStep": "122.18104381797957",
          "unlockedAt": 415.75,
        },
        {
          "amount": "906629.4657407994",
          "bought": 75,
          "cycleStep": "3126.9004826076593",
          "unlockedAt": 1659.75,
        },
        {
          "amount": "3061.752",
          "bought": 76,
          "cycleStep": "14987.46525712492",
          "unlockedAt": 2996.5,
        },
        {
          "amount": "74",
          "bought": 74,
          "cycleStep": "8663.122290581137",
          "unlockedAt": 4402.25,
        },
        {
          "amount": "17",
          "bought": 17,
          "cycleStep": "207725.21872944603",
          "unlockedAt": 5596,
        },
        {
          "amount": "0",
          "bought": 0,
          "cycleStep": "0",
          "unlockedAt": undefined,
        },
      ],
      "mode": "auto",
      "started": true,
      "startedAt": 0,
      "steps": 86400,
      "totalProduced": "2.0441706705715186e31",
      "uptime": 21584,
    },
    "remedios": {
      "base": "33466011094.07066",
      "gens": [
        {
          "amount": "8810664.227017442",
          "bought": 10,
          "cycleStep": "23.69308883128447",
          "unlockedAt": 0,
        },
        {
          "amount": "16706.81199999999",
          "bought": 22,
          "cycleStep": "831.3589364941066",
          "unlockedAt": 209,
        },
        {
          "amount": "242.79999999999995",
          "bought": 22,
          "cycleStep": "5846.631758096971",
          "unlockedAt": 1123.25,
        },
        {
          "amount": "23",
          "bought": 23,
          "cycleStep": "39594.0256447659",
          "unlockedAt": 2835.5,
        },
        {
          "amount": "0",
          "bought": 0,
          "cycleStep": "0",
          "unlockedAt": undefined,
        },
      ],
      "mode": "auto",
      "started": true,
      "startedAt": 0,
      "steps": 86400,
      "totalProduced": "33484030726.27178",
      "uptime": 21391,
    },
  },
  "mandateSpent": 21600,
  "upgrades": {
    "gen": {
      "comida:0:bonus": 90,
      "comida:0:bonusAmount": 90,
      "comida:0:cycle": 90,
      "comida:0:production": 90,
      "comida:10:bonus": 97,
      "comida:10:bonusAmount": 335,
      "comida:10:cost": 2,
      "comida:10:cycle": 335,
      "comida:10:production": 335,
      "comida:11:bonus": 97,
      "comida:11:bonusAmount": 2576,
      "comida:11:cost": 3,
      "comida:11:cycle": 2576,
      "comida:11:production": 2576,
      "comida:12:bonus": 97,
      "comida:12:bonusAmount": 2566,
      "comida:12:cost": 2,
      "comida:12:cycle": 2566,
      "comida:12:production": 2566,
      "comida:13:bonus": 97,
      "comida:13:bonusAmount": 2556,
      "comida:13:cost": 2,
      "comida:13:cycle": 2557,
      "comida:13:production": 2556,
      "comida:14:bonus": 97,
      "comida:14:bonusAmount": 2547,
      "comida:14:cost": 2,
      "comida:14:cycle": 2547,
      "comida:14:production": 2547,
      "comida:15:bonus": 97,
      "comida:15:bonusAmount": 2537,
      "comida:15:cost": 2,
      "comida:15:cycle": 2537,
      "comida:15:production": 2537,
      "comida:16:bonus": 97,
      "comida:16:bonusAmount": 2527,
      "comida:16:cost": 2,
      "comida:16:cycle": 2527,
      "comida:16:production": 2527,
      "comida:17:bonus": 97,
      "comida:17:bonusAmount": 2517,
      "comida:17:cost": 2,
      "comida:17:cycle": 2517,
      "comida:17:production": 2517,
      "comida:18:bonus": 97,
      "comida:18:bonusAmount": 2507,
      "comida:18:cost": 2,
      "comida:18:cycle": 2507,
      "comida:18:production": 2507,
      "comida:19:bonus": 97,
      "comida:19:bonusAmount": 2497,
      "comida:19:cost": 2497,
      "comida:19:cycle": 2497,
      "comida:19:production": 2497,
      "comida:1:bonus": 90,
      "comida:1:bonusAmount": 90,
      "comida:1:cycle": 91,
      "comida:1:production": 91,
      "comida:2:bonus": 97,
      "comida:2:bonusAmount": 100,
      "comida:2:cycle": 100,
      "comida:2:production": 100,
      "comida:3:bonus": 97,
      "comida:3:bonusAmount": 108,
      "comida:3:cost": 3,
      "comida:3:cycle": 109,
      "comida:3:production": 109,
      "comida:4:bonus": 97,
      "comida:4:bonusAmount": 110,
      "comida:4:cost": 3,
      "comida:4:cycle": 110,
      "comida:4:production": 110,
      "comida:5:bonus": 97,
      "comida:5:bonusAmount": 126,
      "comida:5:cost": 2,
      "comida:5:cycle": 127,
      "comida:5:production": 126,
      "comida:6:bonus": 97,
      "comida:6:bonusAmount": 128,
      "comida:6:cost": 3,
      "comida:6:cycle": 129,
      "comida:6:production": 129,
      "comida:7:bonus": 97,
      "comida:7:bonusAmount": 149,
      "comida:7:cost": 3,
      "comida:7:cycle": 150,
      "comida:7:production": 149,
      "comida:8:bonus": 97,
      "comida:8:bonusAmount": 168,
      "comida:8:cost": 2,
      "comida:8:cycle": 169,
      "comida:8:production": 168,
      "comida:9:bonus": 97,
      "comida:9:bonusAmount": 159,
      "comida:9:cost": 2,
      "comida:9:cycle": 159,
      "comida:9:production": 159,
      "exploracao:0:bonus": 22,
      "exploracao:0:bonusAmount": 22,
      "exploracao:0:cycle": 22,
      "exploracao:0:production": 22,
      "exploracao:1:bonus": 19,
      "exploracao:1:bonusAmount": 19,
      "exploracao:1:cycle": 19,
      "exploracao:1:production": 19,
      "exploracao:2:bonus": 16,
      "exploracao:2:bonusAmount": 16,
      "exploracao:2:cycle": 16,
      "exploracao:2:production": 16,
      "exploracao:3:bonus": 12,
      "exploracao:3:bonusAmount": 12,
      "exploracao:3:cost": 2,
      "exploracao:3:cycle": 12,
      "exploracao:3:production": 12,
      "exploracao:4:bonus": 2,
      "exploracao:4:bonusAmount": 2,
      "exploracao:4:cost": 2,
      "exploracao:4:cycle": 2,
      "exploracao:4:production": 2,
      "militar:0:bonus": 12,
      "militar:0:bonusAmount": 12,
      "militar:0:cycle": 12,
      "militar:0:production": 12,
      "militar:1:bonus": 9,
      "militar:1:bonusAmount": 9,
      "militar:1:cycle": 9,
      "militar:1:production": 9,
      "militar:2:bonus": 6,
      "militar:2:bonusAmount": 6,
      "militar:2:cycle": 6,
      "militar:2:production": 6,
      "militar:3:bonus": 2,
      "militar:3:bonusAmount": 2,
      "militar:3:cost": 2,
      "militar:3:cycle": 2,
      "militar:3:production": 2,
      "mineracao:0:bonus": 52,
      "mineracao:0:bonusAmount": 52,
      "mineracao:0:cycle": 52,
      "mineracao:0:production": 52,
      "mineracao:1:bonus": 49,
      "mineracao:1:bonusAmount": 49,
      "mineracao:1:cycle": 49,
      "mineracao:1:production": 49,
      "mineracao:2:bonus": 46,
      "mineracao:2:bonusAmount": 46,
      "mineracao:2:cycle": 46,
      "mineracao:2:production": 46,
      "mineracao:3:bonus": 42,
      "mineracao:3:bonusAmount": 42,
      "mineracao:3:cost": 2,
      "mineracao:3:cycle": 42,
      "mineracao:3:production": 42,
      "mineracao:4:bonus": 32,
      "mineracao:4:bonusAmount": 32,
      "mineracao:4:cost": 3,
      "mineracao:4:cycle": 32,
      "mineracao:4:production": 32,
      "mineracao:5:bonus": 22,
      "mineracao:5:bonusAmount": 22,
      "mineracao:5:cost": 3,
      "mineracao:5:cycle": 22,
      "mineracao:5:production": 22,
      "mineracao:6:bonus": 12,
      "mineracao:6:bonusAmount": 12,
      "mineracao:6:cost": 2,
      "mineracao:6:cycle": 12,
      "mineracao:6:production": 12,
      "mineracao:7:bonus": 2,
      "mineracao:7:bonusAmount": 2,
      "mineracao:7:cost": 2,
      "mineracao:7:cycle": 2,
      "mineracao:7:production": 2,
      "remedios:0:bonus": 12,
      "remedios:0:bonusAmount": 12,
      "remedios:0:cycle": 12,
      "remedios:0:production": 12,
      "remedios:1:bonus": 9,
      "remedios:1:bonusAmount": 9,
      "remedios:1:cycle": 9,
      "remedios:1:production": 9,
      "remedios:2:bonus": 5,
      "remedios:2:bonusAmount": 5,
      "remedios:2:cycle": 5,
      "remedios:2:production": 5,
      "remedios:3:bonus": 2,
      "remedios:3:bonusAmount": 2,
      "remedios:3:cost": 2,
      "remedios:3:cycle": 2,
      "remedios:3:production": 2,
    },
    "global": {
      "bonus": 10,
      "bonusAmount": 10,
      "cost": 10,
      "cycle": 10,
      "production": 10,
    },
  },
}
`;
