// Vitest Snapshot v1, https://vitest.dev/guide/snapshot.html

exports[`determinismo do motor > golden master: 6h de jogo em modo automático, bit a bit 1`] = `
{
  "lines": {
    "comida": {
      "base": "925478672757451.5",
      "gens": [
        {
          "amount": "1021327621452.8499",
          "bought": 2,
          "cycleStep": 6.344422757781871,
          "unlockedAt": 0,
        },
        {
          "amount": "3258171995.8460956",
          "bought": 10,
          "cycleStep": 10.666666666646774,
          "unlockedAt": 2,
        },
        {
          "amount": "21746361.53873",
          "bought": 22,
          "cycleStep": 38.222222222362305,
          "unlockedAt": 12,
        },
        {
          "amount": "312588.0695473408",
          "bought": 73,
          "cycleStep": 80.88888888911062,
          "unlockedAt": 51,
        },
        {
          "amount": "9887.982400000004",
          "bought": 73,
          "cycleStep": 188.8888888876925,
          "unlockedAt": 415.5,
        },
        {
          "amount": "660.9628000000001",
          "bought": 73,
          "cycleStep": 219.99999999830814,
          "unlockedAt": 1866.5,
        },
        {
          "amount": "73",
          "bought": 73,
          "cycleStep": 2092.4444444515398,
          "unlockedAt": 6694,
        },
        {
          "amount": "8",
          "bought": 8,
          "cycleStep": 9084.444444445684,
          "unlockedAt": 19555,
        },
        {
          "amount": "0",
          "bought": 0,
          "cycleStep": 0,
          "unlockedAt": undefined,
        },
      ],
      "mode": "auto",
      "started": true,
      "startedAt": 0,
      "steps": 86400,
      "totalProduced": "2.0878144253703597e16",
      "uptime": 21599,
    },
    "exploracao": {
      "base": "128967452.5144534",
      "gens": [
        {
          "amount": "9795060.620162642",
          "bought": 6,
          "cycleStep": 15.111111111089839,
          "unlockedAt": 0,
        },
        {
          "amount": "83146.65774591998",
          "bought": 22,
          "cycleStep": 13.333333333536943,
          "unlockedAt": 58,
        },
        {
          "amount": "2247.7056000000002",
          "bought": 24,
          "cycleStep": 494.4444444430696,
          "unlockedAt": 381.75,
        },
        {
          "amount": "214.48000000000002",
          "bought": 73,
          "cycleStep": 3854.444444451666,
          "unlockedAt": 885.75,
        },
        {
          "amount": "63",
          "bought": 63,
          "cycleStep": 9614.444444437691,
          "unlockedAt": 5889.75,
        },
        {
          "amount": "0",
          "bought": 0,
          "cycleStep": 0,
          "unlockedAt": undefined,
        },
      ],
      "mode": "auto",
      "started": true,
      "startedAt": 0,
      "steps": 86400,
      "totalProduced": "3813659929.484507",
      "uptime": 21553,
    },
    "militar": {
      "base": "3839521.6778730685",
      "gens": [
        {
          "amount": "421493.74791782466",
          "bought": 6,
          "cycleStep": 62.22222222234552,
          "unlockedAt": 0,
        },
        {
          "amount": "7101.101440000001",
          "bought": 22,
          "cycleStep": 298.66666666609626,
          "unlockedAt": 134,
        },
        {
          "amount": "426.9200000000001",
          "bought": 23,
          "cycleStep": 445.5555555558174,
          "unlockedAt": 705.75,
        },
        {
          "amount": "73",
          "bought": 73,
          "cycleStep": 5566.0000000132095,
          "unlockedAt": 1627.25,
        },
        {
          "amount": "25",
          "bought": 25,
          "cycleStep": 39229.999999969325,
          "unlockedAt": 12715.25,
        },
        {
          "amount": "0",
          "bought": 0,
          "cycleStep": 0,
          "unlockedAt": undefined,
        },
      ],
      "mode": "auto",
      "started": true,
      "startedAt": 0,
      "steps": 86400,
      "totalProduced": "102800672.92734653",
      "uptime": 21542,
    },
    "mineracao": {
      "base": "49116373310.001976",
      "gens": [
        {
          "amount": "681184253.3605716",
          "bought": 5,
          "cycleStep": 2.7741028637503575,
          "unlockedAt": 0,
        },
        {
          "amount": "3422535.9478138983",
          "bought": 21,
          "cycleStep": 9.777777777901166,
          "unlockedAt": 25,
        },
        {
          "amount": "45483.7585322496",
          "bought": 24,
          "cycleStep": 217.33333333355736,
          "unlockedAt": 165.5,
        },
        {
          "amount": "1565.3511039999999",
          "bought": 73,
          "cycleStep": 1011.5555555540203,
          "unlockedAt": 390,
        },
        {
          "amount": "169.12",
          "bought": 73,
          "cycleStep": 3457.7777777846372,
          "unlockedAt": 2374,
        },
        {
          "amount": "42",
          "bought": 42,
          "cycleStep": 1646.8888888965564,
          "unlockedAt": 10154.25,
        },
        {
          "amount": "0",
          "bought": 0,
          "cycleStep": 0,
          "unlockedAt": undefined,
        },
      ],
      "mode": "auto",
      "started": true,
      "startedAt": 0,
      "steps": 86400,
      "totalProduced": "547433678216.08276",
      "uptime": 21584,
    },
    "remedios": {
      "base": "172916.97508852693",
      "gens": [
        {
          "amount": "25185.349401600015",
          "bought": 12,
          "cycleStep": 2.6666666668525005,
          "unlockedAt": 0,
        },
        {
          "amount": "724.2159999999999",
          "bought": 22,
          "cycleStep": 124.44444444298595,
          "unlockedAt": 203,
        },
        {
          "amount": "78.19999999999999",
          "bought": 23,
          "cycleStep": 2434.222222232444,
          "unlockedAt": 1094.5,
        },
        {
          "amount": "64",
          "bought": 64,
          "cycleStep": 38530.44444437731,
          "unlockedAt": 2851.25,
        },
        {
          "amount": "0",
          "bought": 0,
          "cycleStep": 0,
          "unlockedAt": undefined,
        },
      ],
      "mode": "auto",
      "started": true,
      "startedAt": 0,
      "steps": 86400,
      "totalProduced": "4224375.428484982",
      "uptime": 21399,
    },
  },
  "mandateSpent": 2575,
}
`;
