// Vitest Snapshot v1, https://vitest.dev/guide/snapshot.html

exports[`determinismo do motor > golden master: 6h de jogo em modo automático, bit a bit 1`] = `
{
  "lines": {
    "comida": {
      "base": "928318583824903.2",
      "gens": [
        {
          "amount": "946421827996.7448",
          "bought": 2,
          "cycleStep": 0,
          "unlockedAt": 0,
        },
        {
          "amount": "3033334381.653567",
          "bought": 14,
          "cycleStep": 10.666666666646774,
          "unlockedAt": 2,
        },
        {
          "amount": "20261387.594128314",
          "bought": 23,
          "cycleStep": 20.444444444584516,
          "unlockedAt": 16,
        },
        {
          "amount": "294492.0809593599",
          "bought": 73,
          "cycleStep": 58.66666666688834,
          "unlockedAt": 56,
        },
        {
          "amount": "8922.385600000001",
          "bought": 73,
          "cycleStep": 55.55555555435881,
          "unlockedAt": 445.5,
        },
        {
          "amount": "641.08",
          "bought": 73,
          "cycleStep": 1580.6666666649826,
          "unlockedAt": 1997.75,
        },
        {
          "amount": "73",
          "bought": 73,
          "cycleStep": 224.6666666737944,
          "unlockedAt": 7114.25,
        },
        {
          "amount": "4",
          "bought": 4,
          "cycleStep": 4548.888888889303,
          "unlockedAt": 20575.5,
        },
        {
          "amount": "0",
          "bought": 0,
          "cycleStep": 0,
          "unlockedAt": undefined,
        },
      ],
      "mode": "auto",
      "started": true,
      "startedAt": 0,
      "steps": 86400,
      "totalProduced": "1.4703813164767108e16",
      "uptime": 21599,
    },
    "exploracao": {
      "base": "61850167.59687741",
      "gens": [
        {
          "amount": "9642848.744312052",
          "bought": 7,
          "cycleStep": 24.888888888867623,
          "unlockedAt": 0,
        },
        {
          "amount": "82620.71021568004",
          "bought": 21,
          "cycleStep": 124.44444444464797,
          "unlockedAt": 64,
        },
        {
          "amount": "2452.5952",
          "bought": 22,
          "cycleStep": 599.9999999986228,
          "unlockedAt": 353,
        },
        {
          "amount": "214.48000000000002",
          "bought": 73,
          "cycleStep": 120.00000000724846,
          "unlockedAt": 821,
        },
        {
          "amount": "63",
          "bought": 63,
          "cycleStep": 9239.999999993179,
          "unlockedAt": 5969,
        },
        {
          "amount": "0",
          "bought": 0,
          "cycleStep": 0,
          "unlockedAt": undefined,
        },
      ],
      "mode": "auto",
      "started": true,
      "startedAt": 0,
      "steps": 86400,
      "totalProduced": "3746541024.8499527",
      "uptime": 21548,
    },
    "militar": {
      "base": "4530790.9964527665",
      "gens": [
        {
          "amount": "422155.35905530845",
          "bought": 5,
          "cycleStep": 40.00000000012324,
          "unlockedAt": 0,
        },
        {
          "amount": "7126.059903999999",
          "bought": 22,
          "cycleStep": 289.7777777772076,
          "unlockedAt": 131,
        },
        {
          "amount": "423.67999999999995",
          "bought": 23,
          "cycleStep": 295.55555555582083,
          "unlockedAt": 734.5,
        },
        {
          "amount": "72",
          "bought": 72,
          "cycleStep": 5479.333333346527,
          "unlockedAt": 1641.75,
        },
        {
          "amount": "25",
          "bought": 25,
          "cycleStep": 40359.99999996768,
          "unlockedAt": 12456,
        },
        {
          "amount": "0",
          "bought": 0,
          "cycleStep": 0,
          "unlockedAt": undefined,
        },
      ],
      "mode": "auto",
      "started": true,
      "startedAt": 0,
      "steps": 86400,
      "totalProduced": "102623219.12934658",
      "uptime": 21537,
    },
    "mineracao": {
      "base": "44692470517.05295",
      "gens": [
        {
          "amount": "675843305.2475706",
          "bought": 5,
          "cycleStep": 7.677962370261891,
          "unlockedAt": 0,
        },
        {
          "amount": "3414555.363959158",
          "bought": 23,
          "cycleStep": 51.55555555567891,
          "unlockedAt": 26,
        },
        {
          "amount": "46571.69446975998",
          "bought": 23,
          "cycleStep": 147.33333333355716,
          "unlockedAt": 177.25,
        },
        {
          "amount": "1551.2079999999996",
          "bought": 73,
          "cycleStep": 11.999999998464569,
          "unlockedAt": 380.5,
        },
        {
          "amount": "170.20000000000002",
          "bought": 73,
          "cycleStep": 3324.4444444512797,
          "unlockedAt": 2400,
        },
        {
          "amount": "42",
          "bought": 42,
          "cycleStep": 1461.333333341005,
          "unlockedAt": 10192,
        },
        {
          "amount": "0",
          "bought": 0,
          "cycleStep": 0,
          "unlockedAt": undefined,
        },
      ],
      "mode": "auto",
      "started": true,
      "startedAt": 0,
      "steps": 86400,
      "totalProduced": "543009774750.382",
      "uptime": 21580,
    },
    "remedios": {
      "base": "83891.65445334582",
      "gens": [
        {
          "amount": "24795.133823999997",
          "bought": 12,
          "cycleStep": 95.11111111129686,
          "unlockedAt": 0,
        },
        {
          "amount": "699.3199999999997",
          "bought": 20,
          "cycleStep": 84.44444444298584,
          "unlockedAt": 204,
        },
        {
          "amount": "76",
          "bought": 22,
          "cycleStep": 2783.1111111213963,
          "unlockedAt": 1008,
        },
        {
          "amount": "64",
          "bought": 64,
          "cycleStep": 38878.22222215458,
          "unlockedAt": 2765,
        },
        {
          "amount": "0",
          "bought": 0,
          "cycleStep": 0,
          "unlockedAt": undefined,
        },
      ],
      "mode": "auto",
      "started": true,
      "startedAt": 0,
      "steps": 86400,
      "totalProduced": "4134481.6487654373",
      "uptime": 21391,
    },
  },
  "mandateSpent": 2549,
}
`;
